acpi_call
amd-ucode
aria2
awww
base
base-devel
blueman
bluez
bluez-utils
brightnessctl
btop
cava
chromium
cmake
cups
cups-filters
discord
dkms
dmidecode
docker
docker-compose
dolphin
dosfstools
dunst
efibootmgr
exfatprogs
fastfetch
firefox
flatpak
fprintd
fwupd
git
github-cli
gnome-keyring
gparted
gpu-screen-recorder
grim
gst-plugin-pipewire
gst-plugins-good
hypridle
hyprland
hyprlock
hyprpaper
hyprsunset
imagemagick
jq
kdeconnect
keepassxc
kitty
layer-shell-qt
libpulse
linux
linux-firmware
linux-headers
make
man-db
man-pages
matugen
micro
mkinitcpio
mtools
nano
nautilus
network-manager-applet
networkmanager
nlohmann-json
nss-mdns
otf-font-awesome
pavucontrol
php
pipewire
pipewire-alsa
pipewire-jack
pipewire-pulse
polkit-kde-agent
power-profiles-daemon
powertop
python-pip
python-pyclip
qt5-graphicaleffects
qt5-multimedia
qt5-wayland
qt6-wayland
rclone
rofi
rpi-imager
sddm
slurp
smartmontools
sof-firmware
spotify-launcher
starship
steam
sudo
swaybg
system-config-printer
tailscale
testdisk
thunderbird
tlp
tlp-rdw
torbrowser-launcher
tree
ttf-meslo-nerd
ttf-ubuntu-nerd
unrar
unzip
usbmuxd
usbutils
uwsm
vim
virtualbox
vulkan-headers
vulkan-radeon
waybar
waydroid
wf-recorder
wget
wireplumber
wireshark-qt
wl-clipboard
wpa_supplicant
xdg-desktop-portal-hyprland
xdg-utils
xf86-video-amdgpu
xf86-video-ati
xorg-xhost
yazi
zen-browser-bin
zip
zram-generator
